// Jest Snapshot v1, https://goo.gl/fbAQLP

exports[`<Main /> should render the heading 1`] = `
<main
  class="bg-default-background w-full h-screen text-white p-8 text-center flex-col flex justify-center items-center"
>
  <img
    alt="Imagem de um átomo e React Avançado escrito ao lado."
    class="w-64 mb-1"
    data-nimg="1"
    decoding="async"
    height="56"
    loading="lazy"
    src="/img/logo.svg"
    style="color: transparent;"
    width="256"
  />
  <h1
    class="text-2xl font-bold"
  >
    React Avançado
  </h1>
  <h2
    class="text-xl font-normal"
  >
    TypeScript, ReactJS, NextJS e Styled Components
  </h2>
  <img
    alt="Um desenvolvedor de frente para uma tela com código."
    class="w-[min(30rem,_100%)] mt-8"
    data-nimg="1"
    decoding="async"
    height="42"
    loading="lazy"
    src="/img/hero-illustration.svg"
    style="color: transparent;"
    width="48"
  />
</main>
`;
